Archive member included to satisfy reference by file (symbol)

d:/ahl-gec-ide(4.53)/gcc/bin/../lib/gcc/arm-none-eabi/7.2.1/../../../../arm-none-eabi/lib/thumb/v7e-m/fpv4-sp/hard\libm.a(lib_a-w_log.o)
                              ./obj/tempRegression.o (log)
d:/ahl-gec-ide(4.53)/gcc/bin/../lib/gcc/arm-none-eabi/7.2.1/../../../../arm-none-eabi/lib/thumb/v7e-m/fpv4-sp/hard\libm.a(lib_a-e_log.o)
                              d:/ahl-gec-ide(4.53)/gcc/bin/../lib/gcc/arm-none-eabi/7.2.1/../../../../arm-none-eabi/lib/thumb/v7e-m/fpv4-sp/hard\libm.a(lib_a-w_log.o) (__ieee754_log)
d:/ahl-gec-ide(4.53)/gcc/bin/../lib/gcc/arm-none-eabi/7.2.1/../../../../arm-none-eabi/lib/thumb/v7e-m/fpv4-sp/hard\libm.a(lib_a-s_lib_ver.o)
                              d:/ahl-gec-ide(4.53)/gcc/bin/../lib/gcc/arm-none-eabi/7.2.1/../../../../arm-none-eabi/lib/thumb/v7e-m/fpv4-sp/hard\libm.a(lib_a-w_log.o) (__fdlib_version)
d:/ahl-gec-ide(4.53)/gcc/bin/../lib/gcc/arm-none-eabi/7.2.1/../../../../arm-none-eabi/lib/thumb/v7e-m/fpv4-sp/hard\libm.a(lib_a-s_matherr.o)
                              d:/ahl-gec-ide(4.53)/gcc/bin/../lib/gcc/arm-none-eabi/7.2.1/../../../../arm-none-eabi/lib/thumb/v7e-m/fpv4-sp/hard\libm.a(lib_a-w_log.o) (matherr)
d:/ahl-gec-ide(4.53)/gcc/bin/../lib/gcc/arm-none-eabi/7.2.1/../../../../arm-none-eabi/lib/thumb/v7e-m/fpv4-sp/hard\libm.a(lib_a-s_nan.o)
                              d:/ahl-gec-ide(4.53)/gcc/bin/../lib/gcc/arm-none-eabi/7.2.1/../../../../arm-none-eabi/lib/thumb/v7e-m/fpv4-sp/hard\libm.a(lib_a-w_log.o) (nan)
d:/ahl-gec-ide(4.53)/gcc/bin/../lib/gcc/arm-none-eabi/7.2.1/../../../../arm-none-eabi/lib/thumb/v7e-m/fpv4-sp/hard\libc_nano.a(lib_a-errno.o)
                              d:/ahl-gec-ide(4.53)/gcc/bin/../lib/gcc/arm-none-eabi/7.2.1/../../../../arm-none-eabi/lib/thumb/v7e-m/fpv4-sp/hard\libm.a(lib_a-w_log.o) (__errno)
d:/ahl-gec-ide(4.53)/gcc/bin/../lib/gcc/arm-none-eabi/7.2.1/../../../../arm-none-eabi/lib/thumb/v7e-m/fpv4-sp/hard\libc_nano.a(lib_a-exit.o)
                              d:/ahl-gec-ide(4.53)/gcc/bin/../lib/gcc/arm-none-eabi/7.2.1/../../../../arm-none-eabi/lib/thumb/v7e-m/fpv4-sp/hard/crt0.o (exit)
d:/ahl-gec-ide(4.53)/gcc/bin/../lib/gcc/arm-none-eabi/7.2.1/../../../../arm-none-eabi/lib/thumb/v7e-m/fpv4-sp/hard\libc_nano.a(lib_a-impure.o)
                              d:/ahl-gec-ide(4.53)/gcc/bin/../lib/gcc/arm-none-eabi/7.2.1/../../../../arm-none-eabi/lib/thumb/v7e-m/fpv4-sp/hard\libc_nano.a(lib_a-exit.o) (_global_impure_ptr)
d:/ahl-gec-ide(4.53)/gcc/bin/../lib/gcc/arm-none-eabi/7.2.1/../../../../arm-none-eabi/lib/thumb/v7e-m/fpv4-sp/hard\libc_nano.a(lib_a-init.o)
                              d:/ahl-gec-ide(4.53)/gcc/bin/../lib/gcc/arm-none-eabi/7.2.1/../../../../arm-none-eabi/lib/thumb/v7e-m/fpv4-sp/hard/crt0.o (__libc_init_array)
d:/ahl-gec-ide(4.53)/gcc/bin/../lib/gcc/arm-none-eabi/7.2.1/../../../../arm-none-eabi/lib/thumb/v7e-m/fpv4-sp/hard\libc_nano.a(lib_a-memcpy-stub.o)
                              ./obj/flash.o (memcpy)
d:/ahl-gec-ide(4.53)/gcc/bin/../lib/gcc/arm-none-eabi/7.2.1/../../../../arm-none-eabi/lib/thumb/v7e-m/fpv4-sp/hard\libc_nano.a(lib_a-memset.o)
                              d:/ahl-gec-ide(4.53)/gcc/bin/../lib/gcc/arm-none-eabi/7.2.1/../../../../arm-none-eabi/lib/thumb/v7e-m/fpv4-sp/hard/crt0.o (memset)
d:/ahl-gec-ide(4.53)/gcc/bin/../lib/gcc/arm-none-eabi/7.2.1/../../../../arm-none-eabi/lib/thumb/v7e-m/fpv4-sp/hard\libc_nano.a(lib_a-strcmp.o)
                              ./obj/emuart.o (strcmp)
d:/ahl-gec-ide(4.53)/gcc/bin/../lib/gcc/arm-none-eabi/7.2.1/../../../../arm-none-eabi/lib/thumb/v7e-m/fpv4-sp/hard\libc_nano.a(lib_a-strlen.o)
                              ./obj/printf.o (strlen)
d:/ahl-gec-ide(4.53)/gcc/bin/../lib/gcc/arm-none-eabi/7.2.1/../../../../arm-none-eabi/lib/thumb/v7e-m/fpv4-sp/hard\libc_nano.a(lib_a-strncmp.o)
                              ./obj/emuart.o (strncmp)
d:/ahl-gec-ide(4.53)/gcc/bin/../lib/gcc/arm-none-eabi/7.2.1/thumb/v7e-m/fpv4-sp/hard\libgcc.a(_arm_addsubdf3.o)
                              ./obj/tempRegression.o (__aeabi_dsub)
d:/ahl-gec-ide(4.53)/gcc/bin/../lib/gcc/arm-none-eabi/7.2.1/thumb/v7e-m/fpv4-sp/hard\libgcc.a(_arm_muldivdf3.o)
                              ./obj/tempRegression.o (__aeabi_dmul)
d:/ahl-gec-ide(4.53)/gcc/bin/../lib/gcc/arm-none-eabi/7.2.1/thumb/v7e-m/fpv4-sp/hard\libgcc.a(_arm_cmpdf2.o)
                              ./obj/printf.o (__aeabi_dcmpeq)
d:/ahl-gec-ide(4.53)/gcc/bin/../lib/gcc/arm-none-eabi/7.2.1/thumb/v7e-m/fpv4-sp/hard\libgcc.a(_arm_unorddf2.o)
                              d:/ahl-gec-ide(4.53)/gcc/bin/../lib/gcc/arm-none-eabi/7.2.1/../../../../arm-none-eabi/lib/thumb/v7e-m/fpv4-sp/hard\libm.a(lib_a-w_log.o) (__aeabi_dcmpun)
d:/ahl-gec-ide(4.53)/gcc/bin/../lib/gcc/arm-none-eabi/7.2.1/thumb/v7e-m/fpv4-sp/hard\libgcc.a(_arm_fixunsdfsi.o)
                              ./obj/printf.o (__aeabi_d2uiz)
[...]
Memory Configuration

Name             Origin             Length             Attributes
INTVEC           0x0800d000         0x00000800         xr
FLASH            0x0800d800         0x00032000         xr
RAM              0x20002000         0x0000e000         xrw
*default*        0x00000000         0xffffffff

Linker script and memory map

LOAD d:/ahl-gec-ide(4.53)/gcc/bin/../lib/gcc/arm-none-eabi/7.2.1/thumb/v7e-m/fpv4-sp/hard/crti.o
LOAD d:/ahl-gec-ide(4.53)/gcc/bin/../lib/gcc/arm-none-eabi/7.2.1/thumb/v7e-m/fpv4-sp/hard/crtbegin.o
LOAD d:/ahl-gec-ide(4.53)/gcc/bin/../lib/gcc/arm-none-eabi/7.2.1/../../../../arm-none-eabi/lib/thumb/v7e-m/fpv4-sp/hard/crt0.o
LOAD ./obj/emuart.o
LOAD ./obj/adc.o
LOAD ./obj/system_stm32l4xx.o
LOAD ./obj/main.o
LOAD ./obj/flash.o
LOAD ./obj/gpio.o
LOAD ./obj/gec.o
LOAD ./obj/tempRegression.o
LOAD ./obj/uart.o
LOAD ./obj/isr.o
LOAD ./obj/printf.o
LOAD ./obj/startup_stm32l431rctx.o
START GROUP
LOAD d:/ahl-gec-ide(4.53)/gcc/bin/../lib/gcc/arm-none-eabi/7.2.1/../../../../arm-none-eabi/lib/thumb/v7e-m/fpv4-sp/hard\libstdc++_nano.a
LOAD d:/ahl-gec-ide(4.53)/gcc/bin/../lib/gcc/arm-none-eabi/7.2.1/../../../../arm-none-eabi/lib/thumb/v7e-m/fpv4-sp/hard\libsupc++_nano.a
END GROUP
LOAD d:/ahl-gec-ide(4.53)/gcc/bin/../lib/gcc/arm-none-eabi/7.2.1/../../../../arm-none-eabi/lib/thumb/v7e-m/fpv4-sp/hard\libstdc++_nano.a
LOAD d:/ahl-gec-ide(4.53)/gcc/bin/../lib/gcc/arm-none-eabi/7.2.1/../../../../arm-none-eabi/lib/thumb/v7e-m/fpv4-sp/hard\libm.a
LOAD d:/ahl-gec-ide(4.53)/gcc/bin/../lib/gcc/arm-none-eabi/7.2.1/../../../../arm-none-eabi/lib/thumb/v7e-m/fpv4-sp/hard\libc_nano.a
START GROUP
LOAD d:/ahl-gec-ide(4.53)/gcc/bin/../lib/gcc/arm-none-eabi/7.2.1/thumb/v7e-m/fpv4-sp/hard\libgcc.a
LOAD d:/ahl-gec-ide(4.53)/gcc/bin/../lib/gcc/arm-none-eabi/7.2.1/../../../../arm-none-eabi/lib/thumb/v7e-m/fpv4-sp/hard\libc_nano.a
END GROUP
START GROUP
LOAD d:/ahl-gec-ide(4.53)/gcc/bin/../lib/gcc/arm-none-eabi/7.2.1/thumb/v7e-m/fpv4-sp/hard\libgcc.a
LOAD d:/ahl-gec-ide(4.53)/gcc/bin/../lib/gcc/arm-none-eabi/7.2.1/../../../../arm-none-eabi/lib/thumb/v7e-m/fpv4-sp/hard\libc_nano.a
LOAD d:/ahl-gec-ide(4.53)/gcc/bin/../lib/gcc/arm-none-eabi/7.2.1/../../../../arm-none-eabi/lib/thumb/v7e-m/fpv4-sp/hard\libnosys.a
END GROUP
START GROUP
LOAD d:/ahl-gec-ide(4.53)/gcc/bin/../lib/gcc/arm-none-eabi/7.2.1/thumb/v7e-m/fpv4-sp/hard\libgcc.a
LOAD d:/ahl-gec-ide(4.53)/gcc/bin/../lib/gcc/arm-none-eabi/7.2.1/../../../../arm-none-eabi/lib/thumb/v7e-m/fpv4-sp/hard\libc_nano.a
LOAD d:/ahl-gec-ide(4.53)/gcc/bin/../lib/gcc/arm-none-eabi/7.2.1/../../../../arm-none-eabi/lib/thumb/v7e-m/fpv4-sp/hard\libnosys.a
END GROUP
LOAD d:/ahl-gec-ide(4.53)/gcc/bin/../lib/gcc/arm-none-eabi/7.2.1/thumb/v7e-m/fpv4-sp/hard/crtend.o
LOAD d:/ahl-gec-ide(4.53)/gcc/bin/../lib/gcc/arm-none-eabi/7.2.1/thumb/v7e-m/fpv4-sp/hard/crtn.o
                0x00000800                MCU_SECTORSIZE = 0x800
                0x08000000                MCU_FLASH_ADDR_START = 0x8000000
                0x0000001a                GEC_USER_SECTOR_START = 0x1a
                0x0000007e                GEC_USER_SECTOR_END = 0x7e
                0x20002000                GEC_USER_RAM_START = 0x20002000
                0x2000ffff                GEC_USER_RAM_END = 0x2000ffff
                0x2000ffff                _estack = 0x2000ffff
                0x00000200                _Min_Heap_Size = 0x200
                0x00000400                _Min_Stack_Size = 0x400

.isr_vector     0x0800d000      0x190
                0x0800d000                . = ALIGN (0x8)
 *(.isr_vector)
 .isr_vector    0x0800d000      0x18c ./obj/startup_stm32l431rctx.o
                0x0800d000                g_pfnVectors
                0x0800d190                . = ALIGN (0x8)
 *fill*         0x0800d18c        0x4 

.text           0x0800d800     0x28e8
                0x0800d800                . = ALIGN (0x8)
 *(.text)
 .text          0x0800d800       0x40 d:/ahl-gec-ide(4.53)/gcc/bin/../lib/gcc/arm-none-eabi/7.2.1/thumb/v7e-m/fpv4-sp/hard/crtbegin.o
 .text          0x0800d840       0x10 d:/ahl-gec-ide(4.53)/gcc/bin/../lib/gcc/arm-none-eabi/7.2.1/../../../../arm-none-eabi/lib/thumb/v7e-m/fpv4-sp/hard\libc_nano.a(lib_a-strlen.o)
                0x0800d840                strlen
 .text          0x0800d850      0x378 d:/ahl-gec-ide(4.53)/gcc/bin/../lib/gcc/arm-none-eabi/7.2.1/thumb/v7e-m/fpv4-sp/hard\libgcc.a(_arm_addsubdf3.o)
                0x0800d850                __aeabi_drsub
                0x0800d858                __aeabi_dsub
                0x0800d858                __subdf3
                0x0800d85c                __aeabi_dadd
                0x0800d85c                __adddf3
                0x0800dad4                __floatunsidf
                0x0800dad4                __aeabi_ui2d
                0x0800daf4                __floatsidf
                0x0800daf4                __aeabi_i2d
                0x0800db18                __aeabi_f2d
                0x0800db18                __extendsfdf2
                0x0800db5c                __floatundidf
                0x0800db5c                __aeabi_ul2d
                0x0800db6c                __floatdidf
                0x0800db6c                __aeabi_l2d
 .text          0x0800dbc8      0x424 d:/ahl-gec-ide(4.53)/gcc/bin/../lib/gcc/arm-none-eabi/7.2.1/thumb/v7e-m/fpv4-sp/hard\libgcc.a(_arm_muldivdf3.o)
                0x0800dbc8                __aeabi_dmul
                0x0800dbc8                __muldf3
                0x0800de1c                __divdf3
                0x0800de1c                __aeabi_ddiv
 .text          0x0800dfec      0x110 d:/ahl-gec-ide(4.53)/gcc/bin/../lib/gcc/arm-none-eabi/7.2.1/thumb/v7e-m/fpv4-sp/hard\libgcc.a(_arm_cmpdf2.o)
                0x0800dfec                __gtdf2
                0x0800dfec                __gedf2
                0x0800dff4                __ltdf2
                0x0800dff4                __ledf2
                0x0800dffc                __nedf2
                0x0800dffc                __eqdf2
                0x0800dffc                __cmpdf2
                0x0800e078                __aeabi_cdrcmple
                0x0800e088                __aeabi_cdcmpeq
                0x0800e088                __aeabi_cdcmple
                0x0800e098                __aeabi_dcmpeq
                0x0800e0ac                __aeabi_dcmplt
                0x0800e0c0                __aeabi_dcmple
                0x0800e0d4                __aeabi_dcmpge
                0x0800e0e8                __aeabi_dcmpgt
 .text          0x0800e0fc       0x2c d:/ahl-gec-ide(4.53)/gcc/bin/../lib/gcc/arm-none-eabi/7.2.1/thumb/v7e-m/fpv4-sp/hard\libgcc.a(_arm_unorddf2.o)
                0x0800e0fc                __unorddf2
                0x0800e0fc                __aeabi_dcmpun
 .text          0x0800e128       0x40 d:/ahl-gec-ide(4.53)/gcc/bin/../lib/gcc/arm-none-eabi/7.2.1/thumb/v7e-m/fpv4-sp/hard\libgcc.a(_arm_fixunsdfsi.o)
                0x0800e128                __aeabi_d2uiz
                0x0800e128                __fixunsdfsi
 .text          0x0800e168       0xa0 d:/ahl-gec-ide(4.53)/gcc/bin/../lib/gcc/arm-none-eabi/7.2.1/thumb/v7e-m/fpv4-sp/hard\libgcc.a(_arm_truncdfsf2.o)
                0x0800e168                __truncdfsf2
                0x0800e168                __aeabi_d2f
 .text          0x0800e208       0x30 d:/ahl-gec-ide(4.53)/gcc/bin/../lib/gcc/arm-none-eabi/7.2.1/thumb/v7e-m/fpv4-sp/hard\libgcc.a(_aeabi_uldivmod.o)
                0x0800e208                __aeabi_uldivmod
 .text          0x0800e238       0x44 d:/ahl-gec-ide(4.53)/gcc/bin/../lib/gcc/arm-none-eabi/7.2.1/thumb/v7e-m/fpv4-sp/hard\libgcc.a(_fixunsdfdi.o)
                0x0800e238                __fixunsdfdi
                0x0800e238                __aeabi_d2ulz
 .text          0x0800e27c      0x2cc d:/ahl-gec-ide(4.53)/gcc/bin/../lib/gcc/arm-none-eabi/7.2.1/thumb/v7e-m/fpv4-sp/hard\libgcc.a(_udivmoddi4.o)
                0x0800e27c                __udivmoddi4
 .text          0x0800e548        0x4 d:/ahl-gec-ide(4.53)/gcc/bin/../lib/gcc/arm-none-eabi/7.2.1/thumb/v7e-m/fpv4-sp/hard\libgcc.a(_dvmd_tls.o)
                0x0800e548                __aeabi_idiv0
                0x0800e548                __aeabi_ldiv0
 *(.text*)
 .text.adc_init
                0x0800e54c      0x1a0 ./obj/adc.o
                0x0800e54c                adc_init
 .text.adc_read
                0x0800e6ec       0x88 ./obj/adc.o
                0x0800e6ec                adc_read
 .text.adc_mid  0x0800e774       0x72 ./obj/adc.o
                0x0800e774                adc_mid
 .text.adc_ave  0x0800e7e6       0x26 ./obj/adc.o
                0x0800e7e6                adc_ave
 .text.adc_mcu_temp
                0x0800e80c       0x48 ./obj/adc.o
                0x0800e80c                adc_mcu_temp
 .text.SysClock_Config
                0x0800e854       0x9c ./obj/system_stm32l4xx.o
                0x0800e854                SysClock_Config
 .text.SystemInit
                0x0800e8f0       0x50 ./obj/system_stm32l4xx.o
                0x0800e8f0                SystemInit
 .text.set_Color
                0x0800e940       0xd8 ./obj/main.o
                0x0800e940                set_Color
 .text.Delay_ms
                0x0800ea18       0x22 ./obj/main.o
                0x0800ea18                Delay_ms
 *fill*         0x0800ea3a        0x2 
 .text.main     0x0800ea3c      0x12c ./obj/main.o
                0x0800ea3c                main
 .text.flash_erase
                0x0800eb68       0x58 ./obj/flash.o
                0x0800eb68                flash_erase
 .text.flash_read_logic
                0x0800ebc0       0x12 ./obj/flash.o
                0x0800ebc0                flash_read_logic
 .text.flash_read_physical
                0x0800ebd2        0x8 ./obj/flash.o
                0x0800ebd2                flash_read_physical
 .text.flash_isempty
                0x0800ebda       0x3e ./obj/flash.o
                0x0800ebda                flash_isempty
 .text.flash_write_DoubleWord
                0x0800ec18       0x38 ./obj/flash.o
                0x0800ec18                flash_write_DoubleWord
 .text.flash_Best
                0x0800ec50       0x6c ./obj/flash.o
                0x0800ec50                flash_Best
 .text.flash_write
                0x0800ecbc       0x9c ./obj/flash.o
                0x0800ecbc                flash_write
 .text.flash_write_physical
                0x0800ed58       0x2c ./obj/flash.o
                0x0800ed58                flash_write_physical
 .text.gpio_get_port_pin
                0x0800ed84        0x8 ./obj/gpio.o
                0x0800ed84                gpio_get_port_pin
 .text.gpio_set
                0x0800ed8c       0x4c ./obj/gpio.o
                0x0800ed8c                gpio_set
 .text.gpio_init
                0x0800edd8       0x70 ./obj/gpio.o
                0x0800edd8                gpio_init
 .text.gpio_reverse
                0x0800ee48       0x48 ./obj/gpio.o
                0x0800ee48                gpio_reverse
 .text.Vectors_Init
                0x0800ee90       0x84 ./obj/gec.o
                0x0800ee90                Vectors_Init
 *fill*         0x0800ef14        0x4 
 .text.tempRegression
                0x0800ef18       0xe8 ./obj/tempRegression.o
                0x0800ef18                tempRegression
 .text.uart_is_uartNo
                0x0800f000       0x10 ./obj/uart.o
                0x0800f000                uart_is_uartNo
 .text.uart_init
                0x0800f010      0x14c ./obj/uart.o
                0x0800f010                uart_init
 .text.uart_send1
                0x0800f15c       0x48 ./obj/uart.o
                0x0800f15c                uart_send1
 .text.uart_re1
                0x0800f1a4       0x50 ./obj/uart.o
                0x0800f1a4                uart_re1
 .text.uart_enable_re_int
                0x0800f1f4       0x40 ./obj/uart.o
                0x0800f1f4                uart_enable_re_int
 .text.uart_get_re_int
                0x0800f234       0x38 ./obj/uart.o
                0x0800f234                uart_get_re_int
 .text.USART2_IRQHandler
                0x0800f26c       0x3c ./obj/isr.o
                0x0800f26c                USART2_IRQHandler
 .text.printk_putc
                0x0800f2a8       0x2a ./obj/printf.o
 .text.printk_mknumstr
                0x0800f2d2       0x68 ./obj/printf.o
 .text.printk_pad_zero
                0x0800f33a       0x1e ./obj/printf.o
 .text.printk_pad_space
                0x0800f358       0x1e ./obj/printf.o
 .text.out_char
                0x0800f376        0xc ./obj/printf.o
                0x0800f376                out_char
 *fill*         0x0800f382        0x6 
 .text.printk_mkfloatstr
                0x0800f388      0x1c4 ./obj/printf.o
                0x0800f388                printk_mkfloatstr
 .text.printk   0x0800f54c      0x5b4 ./obj/printf.o
                0x0800f54c                printk
 .text.myprintf
                0x0800fb00       0x28 ./obj/printf.o
                0x0800fb00                myprintf
 .text.Reset_Handler
                0x0800fb28       0x54 ./obj/startup_stm32l431rctx.o
                0x0800fb28                Reset_Handler
 .text.Default_Handler
                0x0800fb7c        0x6 ./obj/startup_stm32l431rctx.o
                0x0800fb7c                RTC_Alarm_IRQHandler
                0x0800fb7c                EXTI2_IRQHandler
                0x0800fb7c                DebugMon_Handler
                0x0800fb7c                TIM1_CC_IRQHandler
                0x0800fb7c                TSC_IRQHandler
                0x0800fb7c                HardFault_Handler
                0x0800fb7c                SysTick_Handler
                0x0800fb7c                TAMP_STAMP_IRQHandler
                0x0800fb7c                PendSV_Handler
                0x0800fb7c                NMI_Handler
                0x0800fb7c                EXTI3_IRQHandler
                0x0800fb7c                LPTIM2_IRQHandler
                0x0800fb7c                I2C3_ER_IRQHandler
                0x0800fb7c                EXTI0_IRQHandler
                0x0800fb7c                I2C2_EV_IRQHandler
                0x0800fb7c                CAN1_RX0_IRQHandler
                0x0800fb7c                FPU_IRQHandler
                0x0800fb7c                TIM1_UP_TIM16_IRQHandler
                0x0800fb7c                UsageFault_Handler
                0x0800fb7c                SPI1_IRQHandler
                0x0800fb7c                TIM6_DAC_IRQHandler
                0x0800fb7c                DMA2_Channel2_IRQHandler
                0x0800fb7c                DMA1_Channel4_IRQHandler
                0x0800fb7c                ADC1_IRQHandler
                0x0800fb7c                USART3_IRQHandler
                0x0800fb7c                DMA1_Channel7_IRQHandler
                0x0800fb7c                CAN1_RX1_IRQHandler
                0x0800fb7c                DMA2_Channel1_IRQHandler
                0x0800fb7c                QUADSPI_IRQHandler
                0x0800fb7c                I2C1_EV_IRQHandler
                0x0800fb7c                DMA1_Channel6_IRQHandler
                0x0800fb7c                DMA2_Channel4_IRQHandler
                0x0800fb7c                RCC_IRQHandler
                0x0800fb7c                TIM1_TRG_COM_IRQHandler
                0x0800fb7c                DMA1_Channel1_IRQHandler
                0x0800fb7c                Default_Handler
                0x0800fb7c                DMA2_Channel7_IRQHandler
                0x0800fb7c                EXTI15_10_IRQHandler
                0x0800fb7c                TIM7_IRQHandler
                0x0800fb7c                SDMMC1_IRQHandler
                0x0800fb7c                I2C3_EV_IRQHandler
                0x0800fb7c                EXTI9_5_IRQHandler
                0x0800fb7c                RTC_WKUP_IRQHandler
                0x0800fb7c                PVD_PVM_IRQHandler
                0x0800fb7c                SPI2_IRQHandler
                0x0800fb7c                MemManage_Handler
                0x0800fb7c                CAN1_TX_IRQHandler
                0x0800fb7c                SVC_Handler
                0x0800fb7c                DMA2_Channel5_IRQHandler
                0x0800fb7c                CRS_IRQHandler
                0x0800fb7c                DMA1_Channel5_IRQHandler
                0x0800fb7c                EXTI4_IRQHandler
                0x0800fb7c                RNG_IRQHandler
                0x0800fb7c                DMA1_Channel3_IRQHandler
                0x0800fb7c                COMP_IRQHandler
                0x0800fb7c                WWDG_IRQHandler
                0x0800fb7c                LPUART1_IRQHandler
                0x0800fb7c                DMA2_Channel6_IRQHandler
                0x0800fb7c                TIM2_IRQHandler
                0x0800fb7c                EXTI1_IRQHandler
                0x0800fb7c                I2C2_ER_IRQHandler
                0x0800fb7c                DMA1_Channel2_IRQHandler
                0x0800fb7c                CAN1_SCE_IRQHandler
                0x0800fb7c                FLASH_IRQHandler
                0x0800fb7c                BusFault_Handler
                0x0800fb7c                USART1_IRQHandler
                0x0800fb7c                SPI3_IRQHandler
                0x0800fb7c                I2C1_ER_IRQHandler
                0x0800fb7c                SWPMI1_IRQHandler
                0x0800fb7c                LPTIM1_IRQHandler
                0x0800fb7c                SAI1_IRQHandler
                0x0800fb7c                DMA2_Channel3_IRQHandler
                0x0800fb7c                TIM1_BRK_TIM15_IRQHandler
 *fill*         0x0800fb82        0x2 
 .text.log      0x0800fb84      0x100 d:/ahl-gec-ide(4.53)/gcc/bin/../lib/gcc/arm-none-eabi/7.2.1/../../../../arm-none-eabi/lib/thumb/v7e-m/fpv4-sp/hard\libm.a(lib_a-w_log.o)
                0x0800fb84                log
 *fill*         0x0800fc84        0x4 
 .text.__ieee754_log
                0x0800fc88      0x3b4 d:/ahl-gec-ide(4.53)/gcc/bin/../lib/gcc/arm-none-eabi/7.2.1/../../../../arm-none-eabi/lib/thumb/v7e-m/fpv4-sp/hard\libm.a(lib_a-e_log.o)
                0x0800fc88                __ieee754_log
 .text.matherr  0x0801003c        0x4 d:/ahl-gec-ide(4.53)/gcc/bin/../lib/gcc/arm-none-eabi/7.2.1/../../../../arm-none-eabi/lib/thumb/v7e-m/fpv4-sp/hard\libm.a(lib_a-s_matherr.o)
                0x0801003c                matherr
 .text.nan      0x08010040       0x10 d:/ahl-gec-ide(4.53)/gcc/bin/../lib/gcc/arm-none-eabi/7.2.1/../../../../arm-none-eabi/lib/thumb/v7e-m/fpv4-sp/hard\libm.a(lib_a-s_nan.o)
                0x08010040                nan
 .text.__errno  0x08010050        0xc d:/ahl-gec-ide(4.53)/gcc/bin/../lib/gcc/arm-none-eabi/7.2.1/../../../../arm-none-eabi/lib/thumb/v7e-m/fpv4-sp/hard\libc_nano.a(lib_a-errno.o)
                0x08010050                __errno
 .text.__libc_init_array
                0x0801005c       0x48 d:/ahl-gec-ide(4.53)/gcc/bin/../lib/gcc/arm-none-eabi/7.2.1/../../../../arm-none-eabi/lib/thumb/v7e-m/fpv4-sp/hard\libc_nano.a(lib_a-init.o)
                0x0801005c                __libc_init_array
 .text.memcpy   0x080100a4       0x16 d:/ahl-gec-ide(4.53)/gcc/bin/../lib/gcc/arm-none-eabi/7.2.1/../../../../arm-none-eabi/lib/thumb/v7e-m/fpv4-sp/hard\libc_nano.a(lib_a-memcpy-stub.o)
                0x080100a4                memcpy
 .text.memset   0x080100ba       0x10 d:/ahl-gec-ide(4.53)/gcc/bin/../lib/gcc/arm-none-eabi/7.2.1/../../../../arm-none-eabi/lib/thumb/v7e-m/fpv4-sp/hard\libc_nano.a(lib_a-memset.o)
                0x080100ba                memset
 *(.glue_7)
 .glue_7        0x080100ca        0x0 linker stubs
 *(.glue_7t)
 .glue_7t       0x080100ca        0x0 linker stubs
 *(.eh_frame)
 *fill*         0x080100ca        0x2 
 .eh_frame      0x080100cc        0x0 d:/ahl-gec-ide(4.53)/gcc/bin/../lib/gcc/arm-none-eabi/7.2.1/thumb/v7e-m/fpv4-sp/hard/crtbegin.o
 *(.init)
 .init          0x080100cc        0x4 d:/ahl-gec-ide(4.53)/gcc/bin/../lib/gcc/arm-none-eabi/7.2.1/thumb/v7e-m/fpv4-sp/hard/crti.o
                0x080100cc                _init
 .init          0x080100d0        0x8 d:/ahl-gec-ide(4.53)/gcc/bin/../lib/gcc/arm-none-eabi/7.2.1/thumb/v7e-m/fpv4-sp/hard/crtn.o
 *(.fini)
 .fini          0x080100d8        0x4 d:/ahl-gec-ide(4.53)/gcc/bin/../lib/gcc/arm-none-eabi/7.2.1/thumb/v7e-m/fpv4-sp/hard/crti.o
                0x080100d8                _fini
 .fini          0x080100dc        0x8 d:/ahl-gec-ide(4.53)/gcc/bin/../lib/gcc/arm-none-eabi/7.2.1/thumb/v7e-m/fpv4-sp/hard/crtn.o
                0x080100e8                . = ALIGN (0x8)
 *fill*         0x080100e4        0x4 
                0x080100e8                _etext = .

.vfp11_veneer   0x080100e8        0x0
 .vfp11_veneer  0x080100e8        0x0 linker stubs

.v4_bx          0x080100e8        0x0
 .v4_bx         0x080100e8        0x0 linker stubs

.iplt           0x080100e8        0x0
 .iplt          0x080100e8        0x0 d:/ahl-gec-ide(4.53)/gcc/bin/../lib/gcc/arm-none-eabi/7.2.1/thumb/v7e-m/fpv4-sp/hard/crtbegin.o

.rodata         0x080100e8       0x68
                0x080100e8                . = ALIGN (0x8)
 *(.rodata)
 *(.rodata*)
 .rodata.main.str1.4
                0x080100e8       0x17 ./obj/main.o
 *fill*         0x080100ff        0x1 
 .rodata.Vectors_Init.str1.4
                0x08010100       0x48 ./obj/gec.o
 .rodata.log.str1.4
                0x08010148        0x4 d:/ahl-gec-ide(4.53)/gcc/bin/../lib/gcc/arm-none-eabi/7.2.1/../../../../arm-none-eabi/lib/thumb/v7e-m/fpv4-sp/hard\libm.a(lib_a-w_log.o)
                                  0x5 (size before relaxing)
                0x08010150                . = ALIGN (0x8)
 *fill*         0x0801014c        0x4 

.ARM.extab      0x08010150        0x0
                0x08010150                . = ALIGN (0x8)
 *(.ARM.extab* .gnu.linkonce.armextab.*)
                0x08010150                . = ALIGN (0x8)

.ARM            0x08010150        0x8
                0x08010150                . = ALIGN (0x8)
                0x08010150                __exidx_start = .
 *(.ARM.exidx*)
 .ARM.exidx     0x08010150        0x8 d:/ahl-gec-ide(4.53)/gcc/bin/../lib/gcc/arm-none-eabi/7.2.1/thumb/v7e-m/fpv4-sp/hard\libgcc.a(_udivmoddi4.o)
                0x08010158                __exidx_end = .
                0x08010158                . = ALIGN (0x8)

.rel.dyn        0x08010158        0x0
 .rel.iplt      0x08010158        0x0 d:/ahl-gec-ide(4.53)/gcc/bin/../lib/gcc/arm-none-eabi/7.2.1/thumb/v7e-m/fpv4-sp/hard/crtbegin.o

._user_heap_stack
                0x20002000      0x600
                0x20002000                . = ALIGN (0x8)
                0x20002000                __end__ = .
                [!provide]                PROVIDE (end, .)
                [!provide]                PROVIDE (_end, .)
                0x20002200                . = (. + _Min_Heap_Size)
 *fill*         0x20002000      0x200 
                0x20002600                . = (. + _Min_Stack_Size)
 *fill*         0x20002200      0x400 
                0x20002600                . = ALIGN (0x8)

.preinit_array  0x08010158        0x0
                0x08010158                . = ALIGN (0x8)
                0x08010158                PROVIDE (__preinit_array_start, .)
 *(.preinit_array*)
                0x08010158                PROVIDE (__preinit_array_end, .)
                0x08010158                . = ALIGN (0x8)

.init_array     0x08010158        0x8
                0x08010158                . = ALIGN (0x8)
                0x08010158                PROVIDE (__init_array_start, .)
 *(SORT_BY_NAME(.init_array.*))
 *(.init_array*)
 .init_array    0x08010158        0x4 d:/ahl-gec-ide(4.53)/gcc/bin/../lib/gcc/arm-none-eabi/7.2.1/thumb/v7e-m/fpv4-sp/hard/crtbegin.o
                0x0801015c                PROVIDE (__init_array_end, .)
                0x08010160                . = ALIGN (0x8)
 *fill*         0x0801015c        0x4 

.fini_array     0x08010160        0x8
                0x08010160                . = ALIGN (0x8)
                [!provide]                PROVIDE (__fini_array_start, .)
 *(SORT_BY_NAME(.fini_array.*))
 *(.fini_array*)
 .fini_array    0x08010160        0x4 d:/ahl-gec-ide(4.53)/gcc/bin/../lib/gcc/arm-none-eabi/7.2.1/thumb/v7e-m/fpv4-sp/hard/crtbegin.o
                [!provide]                PROVIDE (__fini_array_end, .)
                0x08010168                . = ALIGN (0x8)
 *fill*         0x08010164        0x4 
                0x08010168                _sidata = LOADADDR (.data)

.data           0x20002600       0x90 load address 0x08010168
                0x20002600                . = ALIGN (0x4)
                0x20002600                _sdata = .
 *(.data)
 *(.data*)
 .data.SystemCoreClock
                0x20002600        0x4 ./obj/system_stm32l4xx.o
                0x20002600                SystemCoreClock
 .data.GPIO_ARR
                0x20002604       0x18 ./obj/gpio.o
                0x20002604                GPIO_ARR
 .data.USART_ARR
                0x2000261c        0xc ./obj/uart.o
                0x2000261c                USART_ARR
 .data.table_irq_uart
                0x20002628        0x3 ./obj/uart.o
                0x20002628                table_irq_uart
 .data.__fdlib_version
                0x2000262b        0x1 d:/ahl-gec-ide(4.53)/gcc/bin/../lib/gcc/arm-none-eabi/7.2.1/../../../../arm-none-eabi/lib/thumb/v7e-m/fpv4-sp/hard\libm.a(lib_a-s_lib_ver.o)
                0x2000262b                __fdlib_version
 .data._impure_ptr
                0x2000262c        0x4 d:/ahl-gec-ide(4.53)/gcc/bin/../lib/gcc/arm-none-eabi/7.2.1/../../../../arm-none-eabi/lib/thumb/v7e-m/fpv4-sp/hard\libc_nano.a(lib_a-impure.o)
                0x2000262c                _impure_ptr
 .data.impure_data
                0x20002630       0x60 d:/ahl-gec-ide(4.53)/gcc/bin/../lib/gcc/arm-none-eabi/7.2.1/../../../../arm-none-eabi/lib/thumb/v7e-m/fpv4-sp/hard\libc_nano.a(lib_a-impure.o)
                0x20002690                . = ALIGN (0x4)
                0x20002690                _edata = .

.igot.plt       0x20002690        0x0 load address 0x080101f8
 .igot.plt      0x20002690        0x0 d:/ahl-gec-ide(4.53)/gcc/bin/../lib/gcc/arm-none-eabi/7.2.1/thumb/v7e-m/fpv4-sp/hard/crtbegin.o
                0x20002690                . = ALIGN (0x4)

.bss            0x20002690      0x82c load address 0x080101f8
                0x20002690                _sbss = .
                0x20002690                __bss_start__ = _sbss
 *(.bss)
 .bss           0x20002690       0x1c d:/ahl-gec-ide(4.53)/gcc/bin/../lib/gcc/arm-none-eabi/7.2.1/thumb/v7e-m/fpv4-sp/hard/crtbegin.o
 *(.bss*)
 *(COMMON)
 COMMON         0x200026ac        0x4 ./obj/adc.o
                0x200026ac                component_fun
 COMMON         0x200026b0      0x80c ./obj/main.o
                0x200026b0                gcReccrc32
                0x200026b4                gcRecvLen
                0x200026b6                gcRecvDCLen
                0x200026b8                ch
                0x200026bc                gcRecvBuf
                0x20002ebc                . = ALIGN (0x4)
                0x20002ebc                _ebss = .
                0x20002ebc                __bss_end__ = _ebss

/DISCARD/
 libc.a(*)
 libm.a(*)
 libgcc.a(*)

.ARM.attributes
                0x00000000       0x30
 *(.ARM.attributes)
 .ARM.attributes
                0x00000000       0x22 d:/ahl-gec-ide(4.53)/gcc/bin/../lib/gcc/arm-none-eabi/7.2.1/thumb/v7e-m/fpv4-sp/hard/crti.o
 .ARM.attributes
                0x00000022       0x34 d:/ahl-gec-ide(4.53)/gcc/bin/../lib/gcc/arm-none-eabi/7.2.1/thumb/v7e-m/fpv4-sp/hard/crtbegin.o
 .ARM.attributes
                0x00000056       0x39 ./obj/adc.o
 .ARM.attributes
                0x0000008f       0x39 ./obj/system_stm32l4xx.o
 .ARM.attributes
                0x000000c8       0x39 ./obj/main.o
 .ARM.attributes
                0x00000101       0x39 ./obj/flash.o
 .ARM.attributes
                0x0000013a       0x39 ./obj/gpio.o
 .ARM.attributes
                0x00000173       0x39 ./obj/gec.o
 .ARM.attributes
                0x000001ac       0x39 ./obj/tempRegression.o
 .ARM.attributes
                0x000001e5       0x39 ./obj/uart.o
 .ARM.attributes
                0x0000021e       0x39 ./obj/isr.o
 .ARM.attributes
                0x00000257       0x39 ./obj/printf.o
 .ARM.attributes
                0x00000290       0x21 ./obj/startup_stm32l431rctx.o
 .ARM.attributes
                0x000002b1       0x34 d:/ahl-gec-ide(4.53)/gcc/bin/../lib/gcc/arm-none-eabi/7.2.1/../../../../arm-none-eabi/lib/thumb/v7e-m/fpv4-sp/hard\libm.a(lib_a-w_log.o)
 .ARM.attributes
                0x000002e5       0x34 d:/ahl-gec-ide(4.53)/gcc/bin/../lib/gcc/arm-none-eabi/7.2.1/../../../../arm-none-eabi/lib/thumb/v7e-m/fpv4-sp/hard\libm.a(lib_a-e_log.o)
 .ARM.attributes
                0x00000319       0x34 d:/ahl-gec-ide(4.53)/gcc/bin/../lib/gcc/arm-none-eabi/7.2.1/../../../../arm-none-eabi/lib/thumb/v7e-m/fpv4-sp/hard\libm.a(lib_a-s_lib_ver.o)
 .ARM.attributes
                0x0000034d       0x34 d:/ahl-gec-ide(4.53)/gcc/bin/../lib/gcc/arm-none-eabi/7.2.1/../../../../arm-none-eabi/lib/thumb/v7e-m/fpv4-sp/hard\libm.a(lib_a-s_matherr.o)
 .ARM.attributes
                0x00000381       0x34 d:/ahl-gec-ide(4.53)/gcc/bin/../lib/gcc/arm-none-eabi/7.2.1/../../../../arm-none-eabi/lib/thumb/v7e-m/fpv4-sp/hard\libm.a(lib_a-s_nan.o)
 .ARM.attributes
                0x000003b5       0x34 d:/ahl-gec-ide(4.53)/gcc/bin/../lib/gcc/arm-none-eabi/7.2.1/../../../../arm-none-eabi/lib/thumb/v7e-m/fpv4-sp/hard\libc_nano.a(lib_a-errno.o)
 .ARM.attributes
                0x000003e9       0x34 d:/ahl-gec-ide(4.53)/gcc/bin/../lib/gcc/arm-none-eabi/7.2.1/../../../../arm-none-eabi/lib/thumb/v7e-m/fpv4-sp/hard\libc_nano.a(lib_a-impure.o)
 .ARM.attributes
                0x0000041d       0x34 d:/ahl-gec-ide(4.53)/gcc/bin/../lib/gcc/arm-none-eabi/7.2.1/../../../../arm-none-eabi/lib/thumb/v7e-m/fpv4-sp/hard\libc_nano.a(lib_a-init.o)
 .ARM.attributes
                0x00000451       0x34 d:/ahl-gec-ide(4.53)/gcc/bin/../lib/gcc/arm-none-eabi/7.2.1/../../../../arm-none-eabi/lib/thumb/v7e-m/fpv4-sp/hard\libc_nano.a(lib_a-memcpy-stub.o)
 .ARM.attributes
                0x00000485       0x34 d:/ahl-gec-ide(4.53)/gcc/bin/../lib/gcc/arm-none-eabi/7.2.1/../../../../arm-none-eabi/lib/thumb/v7e-m/fpv4-sp/hard\libc_nano.a(lib_a-memset.o)
 .ARM.attributes
                0x000004b9       0x1b d:/ahl-gec-ide(4.53)/gcc/bin/../lib/gcc/arm-none-eabi/7.2.1/../../../../arm-none-eabi/lib/thumb/v7e-m/fpv4-sp/hard\libc_nano.a(lib_a-strlen.o)
 .ARM.attributes
                0x000004d4       0x22 d:/ahl-gec-ide(4.53)/gcc/bin/../lib/gcc/arm-none-eabi/7.2.1/thumb/v7e-m/fpv4-sp/hard\libgcc.a(_arm_addsubdf3.o)
 .ARM.attributes
                0x000004f6       0x22 d:/ahl-gec-ide(4.53)/gcc/bin/../lib/gcc/arm-none-eabi/7.2.1/thumb/v7e-m/fpv4-sp/hard\libgcc.a(_arm_muldivdf3.o)
 .ARM.attributes
                0x00000518       0x22 d:/ahl-gec-ide(4.53)/gcc/bin/../lib/gcc/arm-none-eabi/7.2.1/thumb/v7e-m/fpv4-sp/hard\libgcc.a(_arm_cmpdf2.o)
 .ARM.attributes
                0x0000053a       0x22 d:/ahl-gec-ide(4.53)/gcc/bin/../lib/gcc/arm-none-eabi/7.2.1/thumb/v7e-m/fpv4-sp/hard\libgcc.a(_arm_unorddf2.o)
 .ARM.attributes
                0x0000055c       0x22 d:/ahl-gec-ide(4.53)/gcc/bin/../lib/gcc/arm-none-eabi/7.2.1/thumb/v7e-m/fpv4-sp/hard\libgcc.a(_arm_fixunsdfsi.o)
 .ARM.attributes
                0x0000057e       0x22 d:/ahl-gec-ide(4.53)/gcc/bin/../lib/gcc/arm-none-eabi/7.2.1/thumb/v7e-m/fpv4-sp/hard\libgcc.a(_arm_truncdfsf2.o)
 .ARM.attributes
                0x000005a0       0x22 d:/ahl-gec-ide(4.53)/gcc/bin/../lib/gcc/arm-none-eabi/7.2.1/thumb/v7e-m/fpv4-sp/hard\libgcc.a(_aeabi_uldivmod.o)
 .ARM.attributes
                0x000005c2       0x34 d:/ahl-gec-ide(4.53)/gcc/bin/../lib/gcc/arm-none-eabi/7.2.1/thumb/v7e-m/fpv4-sp/hard\libgcc.a(_fixunsdfdi.o)
 .ARM.attributes
                0x000005f6       0x34 d:/ahl-gec-ide(4.53)/gcc/bin/../lib/gcc/arm-none-eabi/7.2.1/thumb/v7e-m/fpv4-sp/hard\libgcc.a(_udivmoddi4.o)
 .ARM.attributes
                0x0000062a       0x22 d:/ahl-gec-ide(4.53)/gcc/bin/../lib/gcc/arm-none-eabi/7.2.1/thumb/v7e-m/fpv4-sp/hard\libgcc.a(_dvmd_tls.o)
 .ARM.attributes
                0x0000064c       0x22 d:/ahl-gec-ide(4.53)/gcc/bin/../lib/gcc/arm-none-eabi/7.2.1/thumb/v7e-m/fpv4-sp/hard/crtn.o
OUTPUT(AHL-STM32L431-Test-20230811.elf elf32-littlearm)

.debug_info     0x00000000     0x9abb
 .debug_info    0x00000000     0x1030 ./obj/adc.o
 .debug_info    0x00001030      0x847 ./obj/system_stm32l4xx.o
 .debug_info    0x00001877      0xda0 ./obj/main.o
 .debug_info    0x00002617      0xf6d ./obj/flash.o
 .debug_info    0x00003584     0x16fa ./obj/gpio.o
 .debug_info    0x00004c7e      0xf30 ./obj/gec.o
 .debug_info    0x00005bae      0xaa2 ./obj/tempRegression.o
 .debug_info    0x00006650     0x1485 ./obj/uart.o
 .debug_info    0x00007ad5      0xa90 ./obj/isr.o
 .debug_info    0x00008565     0x1534 ./obj/printf.o
 .debug_info    0x00009a99       0x22 ./obj/startup_stm32l431rctx.o

.debug_abbrev   0x00000000     0x1998
 .debug_abbrev  0x00000000      0x268 ./obj/adc.o
 .debug_abbrev  0x00000268      0x18e ./obj/system_stm32l4xx.o
 .debug_abbrev  0x000003f6      0x258 ./obj/main.o
 .debug_abbrev  0x0000064e      0x2eb ./obj/flash.o
 .debug_abbrev  0x00000939      0x38c ./obj/gpio.o
 .debug_abbrev  0x00000cc5      0x29e ./obj/gec.o
 .debug_abbrev  0x00000f63      0x207 ./obj/tempRegression.o
 .debug_abbrev  0x0000116a      0x336 ./obj/uart.o
 .debug_abbrev  0x000014a0      0x1f9 ./obj/isr.o
 .debug_abbrev  0x00001699      0x2ed ./obj/printf.o
 .debug_abbrev  0x00001986       0x12 ./obj/startup_stm32l431rctx.o

.debug_loc      0x00000000     0x2697
 .debug_loc     0x00000000      0x1fb ./obj/adc.o
 .debug_loc     0x000001fb      0x246 ./obj/system_stm32l4xx.o
 .debug_loc     0x00000441      0x10a ./obj/main.o
 .debug_loc     0x0000054b      0x66d ./obj/flash.o
 .debug_loc     0x00000bb8      0x451 ./obj/gpio.o
 .debug_loc     0x00001009      0x149 ./obj/gec.o
 .debug_loc     0x00001152       0x47 ./obj/tempRegression.o
 .debug_loc     0x00001199      0x3c2 ./obj/uart.o
 .debug_loc     0x0000155b     0x113c ./obj/printf.o

.debug_aranges  0x00000000      0x2e8
 .debug_aranges
                0x00000000       0x40 ./obj/adc.o
 .debug_aranges
                0x00000040       0x30 ./obj/system_stm32l4xx.o
 .debug_aranges
                0x00000070       0x30 ./obj/main.o
 .debug_aranges
                0x000000a0       0x78 ./obj/flash.o
 .debug_aranges
                0x00000118       0x78 ./obj/gpio.o
 .debug_aranges
                0x00000190       0x28 ./obj/gec.o
 .debug_aranges
                0x000001b8       0x20 ./obj/tempRegression.o
 .debug_aranges
                0x000001d8       0x70 ./obj/uart.o
 .debug_aranges
                0x00000248       0x20 ./obj/isr.o
 .debug_aranges
                0x00000268       0x58 ./obj/printf.o
 .debug_aranges
                0x000002c0       0x28 ./obj/startup_stm32l431rctx.o

.debug_ranges   0x00000000      0x270
 .debug_ranges  0x00000000       0x48 ./obj/adc.o
 .debug_ranges  0x00000048       0x20 ./obj/system_stm32l4xx.o
 .debug_ranges  0x00000068       0x20 ./obj/main.o
 .debug_ranges  0x00000088       0x80 ./obj/flash.o
 .debug_ranges  0x00000108       0x68 ./obj/gpio.o
 .debug_ranges  0x00000170       0x18 ./obj/gec.o
 .debug_ranges  0x00000188       0x10 ./obj/tempRegression.o
 .debug_ranges  0x00000198       0x60 ./obj/uart.o
 .debug_ranges  0x000001f8       0x10 ./obj/isr.o
 .debug_ranges  0x00000208       0x48 ./obj/printf.o
 .debug_ranges  0x00000250       0x20 ./obj/startup_stm32l431rctx.o

.debug_macro    0x00000000     0x1e1d
 .debug_macro   0x00000000      0x25d ./obj/adc.o
 .debug_macro   0x0000025d       0x87 ./obj/adc.o
 .debug_macro   0x000002e4       0x51 ./obj/adc.o
 .debug_macro   0x00000335       0xd8 ./obj/adc.o
 .debug_macro   0x0000040d       0x46 ./obj/adc.o
 .debug_macro   0x00000453      0x32a ./obj/adc.o
 .debug_macro   0x0000077d       0x9a ./obj/adc.o
 .debug_macro   0x00000817       0x70 ./obj/adc.o
 .debug_macro   0x00000887       0x94 ./obj/adc.o
 .debug_macro   0x0000091b       0x22 ./obj/adc.o
 .debug_macro   0x0000093d       0x46 ./obj/adc.o
 .debug_macro   0x00000983      0x1e1 ./obj/adc.o
 .debug_macro   0x00000b64       0xec ./obj/system_stm32l4xx.o
 .debug_macro   0x00000c50      0x250 ./obj/main.o
 .debug_macro   0x00000ea0      0x1ce ./obj/flash.o
 .debug_macro   0x0000106e       0x34 ./obj/flash.o
 .debug_macro   0x000010a2      0x1ce ./obj/gpio.o
 .debug_macro   0x00001270       0x6a ./obj/gpio.o
 .debug_macro   0x000012da      0x25d ./obj/gec.o
 .debug_macro   0x00001537      0x251 ./obj/tempRegression.o
 .debug_macro   0x00001788       0xa0 ./obj/tempRegression.o
 .debug_macro   0x00001828      0x1ce ./obj/uart.o
 .debug_macro   0x000019f6      0x24a ./obj/isr.o
 .debug_macro   0x00001c40      0x1dd ./obj/printf.o

.debug_line     0x00000000     0x42af
 .debug_line    0x00000000      0x82f ./obj/adc.o
 .debug_line    0x0000082f      0x39c ./obj/system_stm32l4xx.o
 .debug_line    0x00000bcb      0x5a2 ./obj/main.o
 .debug_line    0x0000116d      0x6cc ./obj/flash.o
 .debug_line    0x00001839      0x6c6 ./obj/gpio.o
 .debug_line    0x00001eff      0x7b7 ./obj/gec.o
 .debug_line    0x000026b6      0x74b ./obj/tempRegression.o
 .debug_line    0x00002e01      0x6b8 ./obj/uart.o
 .debug_line    0x000034b9      0x533 ./obj/isr.o
 .debug_line    0x000039ec      0x846 ./obj/printf.o
 .debug_line    0x00004232       0x7d ./obj/startup_stm32l431rctx.o

.debug_str      0x00000000    0x83c14
 .debug_str     0x00000000    0x82fee ./obj/adc.o
                              0x8330e (size before relaxing)
 .debug_str     0x00082fee      0x1c0 ./obj/system_stm32l4xx.o
                              0x7eb07 (size before relaxing)
 .debug_str     0x000831ae       0xdc ./obj/main.o
                              0x8287f (size before relaxing)
 .debug_str     0x0008328a      0x116 ./obj/flash.o
                              0x821b2 (size before relaxing)
 .debug_str     0x000833a0      0x57a ./obj/gpio.o
                              0x827ec (size before relaxing)
 .debug_str     0x0008391a       0x47 ./obj/gec.o
                              0x831c6 (size before relaxing)
 .debug_str     0x00083961       0x3c ./obj/tempRegression.o
                              0x830ed (size before relaxing)
 .debug_str     0x0008399d       0xcb ./obj/uart.o
                              0x8268a (size before relaxing)
 .debug_str     0x00083a68       0x22 ./obj/isr.o
                              0x827f7 (size before relaxing)
 .debug_str     0x00083a8a      0x15e ./obj/printf.o
                              0x823e3 (size before relaxing)
 .debug_str     0x00083be8       0x2c ./obj/startup_stm32l431rctx.o
                                 0xb0 (size before relaxing)

.comment        0x00000000       0x7e
 .comment       0x00000000       0x7e ./obj/adc.o
                                 0x7f (size before relaxing)
 .comment       0x0000007e       0x7f ./obj/system_stm32l4xx.o
 .comment       0x0000007e       0x7f ./obj/main.o
 .comment       0x0000007e       0x7f ./obj/flash.o
 .comment       0x0000007e       0x7f ./obj/gpio.o
 .comment       0x0000007e       0x7f ./obj/gec.o
 .comment       0x0000007e       0x7f ./obj/tempRegression.o
 .comment       0x0000007e       0x7f ./obj/uart.o
 .comment       0x0000007e       0x7f ./obj/isr.o
 .comment       0x0000007e       0x7f ./obj/printf.o

.debug_frame    0x00000000      0xb44
 .debug_frame   0x00000000       0xa4 ./obj/adc.o
 .debug_frame   0x000000a4       0x54 ./obj/system_stm32l4xx.o
 .debug_frame   0x000000f8       0x68 ./obj/main.o
 .debug_frame   0x00000160      0x130 ./obj/flash.o
 .debug_frame   0x00000290      0x180 ./obj/gpio.o
 .debug_frame   0x00000410       0x54 ./obj/gec.o
 .debug_frame   0x00000464       0x2c ./obj/tempRegression.o
 .debug_frame   0x00000490      0x138 ./obj/uart.o
 .debug_frame   0x000005c8       0x30 ./obj/isr.o
 .debug_frame   0x000005f8      0x130 ./obj/printf.o
 .debug_frame   0x00000728       0x48 d:/ahl-gec-ide(4.53)/gcc/bin/../lib/gcc/arm-none-eabi/7.2.1/../../../../arm-none-eabi/lib/thumb/v7e-m/fpv4-sp/hard\libm.a(lib_a-w_log.o)
 .debug_frame   0x00000770       0x4c d:/ahl-gec-ide(4.53)/gcc/bin/../lib/gcc/arm-none-eabi/7.2.1/../../../../arm-none-eabi/lib/thumb/v7e-m/fpv4-sp/hard\libm.a(lib_a-e_log.o)
 .debug_frame   0x000007bc       0x20 d:/ahl-gec-ide(4.53)/gcc/bin/../lib/gcc/arm-none-eabi/7.2.1/../../../../arm-none-eabi/lib/thumb/v7e-m/fpv4-sp/hard\libm.a(lib_a-s_matherr.o)
 .debug_frame   0x000007dc       0x20 d:/ahl-gec-ide(4.53)/gcc/bin/../lib/gcc/arm-none-eabi/7.2.1/../../../../arm-none-eabi/lib/thumb/v7e-m/fpv4-sp/hard\libm.a(lib_a-s_nan.o)
 .debug_frame   0x000007fc       0x20 d:/ahl-gec-ide(4.53)/gcc/bin/../lib/gcc/arm-none-eabi/7.2.1/../../../../arm-none-eabi/lib/thumb/v7e-m/fpv4-sp/hard\libc_nano.a(lib_a-errno.o)
 .debug_frame   0x0000081c       0x2c d:/ahl-gec-ide(4.53)/gcc/bin/../lib/gcc/arm-none-eabi/7.2.1/../../../../arm-none-eabi/lib/thumb/v7e-m/fpv4-sp/hard\libc_nano.a(lib_a-init.o)
 .debug_frame   0x00000848       0x28 d:/ahl-gec-ide(4.53)/gcc/bin/../lib/gcc/arm-none-eabi/7.2.1/../../../../arm-none-eabi/lib/thumb/v7e-m/fpv4-sp/hard\libc_nano.a(lib_a-memcpy-stub.o)
 .debug_frame   0x00000870       0x20 d:/ahl-gec-ide(4.53)/gcc/bin/../lib/gcc/arm-none-eabi/7.2.1/../../../../arm-none-eabi/lib/thumb/v7e-m/fpv4-sp/hard\libc_nano.a(lib_a-memset.o)
 .debug_frame   0x00000890       0xac d:/ahl-gec-ide(4.53)/gcc/bin/../lib/gcc/arm-none-eabi/7.2.1/thumb/v7e-m/fpv4-sp/hard\libgcc.a(_arm_addsubdf3.o)
 .debug_frame   0x0000093c       0x50 d:/ahl-gec-ide(4.53)/gcc/bin/../lib/gcc/arm-none-eabi/7.2.1/thumb/v7e-m/fpv4-sp/hard\libgcc.a(_arm_muldivdf3.o)
 .debug_frame   0x0000098c       0xc4 d:/ahl-gec-ide(4.53)/gcc/bin/../lib/gcc/arm-none-eabi/7.2.1/thumb/v7e-m/fpv4-sp/hard\libgcc.a(_arm_cmpdf2.o)
 .debug_frame   0x00000a50       0x20 d:/ahl-gec-ide(4.53)/gcc/bin/../lib/gcc/arm-none-eabi/7.2.1/thumb/v7e-m/fpv4-sp/hard\libgcc.a(_arm_unorddf2.o)
 .debug_frame   0x00000a70       0x24 d:/ahl-gec-ide(4.53)/gcc/bin/../lib/gcc/arm-none-eabi/7.2.1/thumb/v7e-m/fpv4-sp/hard\libgcc.a(_arm_fixunsdfsi.o)
 .debug_frame   0x00000a94       0x24 d:/ahl-gec-ide(4.53)/gcc/bin/../lib/gcc/arm-none-eabi/7.2.1/thumb/v7e-m/fpv4-sp/hard\libgcc.a(_arm_truncdfsf2.o)
 .debug_frame   0x00000ab8       0x2c d:/ahl-gec-ide(4.53)/gcc/bin/../lib/gcc/arm-none-eabi/7.2.1/thumb/v7e-m/fpv4-sp/hard\libgcc.a(_aeabi_uldivmod.o)
 .debug_frame   0x00000ae4       0x2c d:/ahl-gec-ide(4.53)/gcc/bin/../lib/gcc/arm-none-eabi/7.2.1/thumb/v7e-m/fpv4-sp/hard\libgcc.a(_fixunsdfdi.o)
 .debug_frame   0x00000b10       0x34 d:/ahl-gec-ide(4.53)/gcc/bin/../lib/gcc/arm-none-eabi/7.2.1/thumb/v7e-m/fpv4-sp/hard\libgcc.a(_udivmoddi4.o)
